
> ember-sveltekit-example@2.0.0 check
> svelte-check --tsconfig ./tsconfig.json

Loading svelte-check in workspace: d:\golang\design-preview\sveltekit
Getting Svelte diagnostics...

d:\golang\design-preview\sveltekit\[32msrc\lib\ember\components\dropdown-menu\DropdownMenuContent.svelte[39m:28:2
[33mWarn[39m: Elements with the 'menu' interactive role must have a tabindex value
https://svelte.dev/e/a11y_interactive_supports_focus (svelte)
[36m{#if ctx.open}
	[35m<div
		class="menu {cls}"
		style="visibility:visible;display:block;opacity:1;transform:none;{align === 'left' ? 'left:0;right:auto;' : 'right:0;'}"
		role="menu"
		bind:this={menu}
		use:clickOutside={() => ctx.setOpen(false)}
		onkeydown={(e) => menu && handleRovingKeys(e, menu)}
	>
		{@render children?.()}
	</div>[36m
{/if}[39m

d:\golang\design-preview\sveltekit\[32msrc\lib\ember\components\context-menu\ContextMenuContent.svelte[39m:37:2
[33mWarn[39m: Elements with the 'menu' interactive role must have a tabindex value
https://svelte.dev/e/a11y_interactive_supports_focus (svelte)
[36m{#if ctx.open}
	[35m<div
		class="menu {cls}"
		style="visibility:visible;display:block;opacity:1;transform:none;position:fixed;top:{clamp(ctx.y, vh)}px;left:{clamp(ctx.x, vw)}px;z-index:var(--z-dropdown);"
		role="menu"
		bind:this={menu}
		use:clickOutside={() => ctx.setOpen(false)}
		onkeydown={(e) => menu && handleRovingKeys(e, menu)}
	>
		{@render children?.()}
	</div>[36m
{/if}[39m

d:\golang\design-preview\sveltekit\[32msrc\lib\ember\components\hover-card\HoverCardRoot.svelte[39m:31:1
[33mWarn[39m: `<span>` with a mouseleave handler must have an ARIA role
https://svelte.dev/e/a11y_no_static_element_interactions (svelte)
[36m
[35m<span style="position:relative;display:inline-flex;" onmouseleave={() => {}}>
	{@render children?.()}
</span>[36m[39m

d:\golang\design-preview\sveltekit\[32msrc\lib\ember\components\hover-card\HoverCardTrigger.svelte[39m:18:1
[33mWarn[39m: `<span>` with a mouseenter or mouseleave handler must have an ARIA role
https://svelte.dev/e/a11y_no_static_element_interactions (svelte)
[36m
[35m<span
	onmouseenter={() => ctx.show()}
	onmouseleave={() => ctx.hide()}
	onfocus={() => ctx.show()}
	onblur={() => ctx.hide()}
	style="display:inline-flex;"
>
	<button type="button" class={cls} style="all:unset;cursor:pointer;display:inline-flex;" {...rest}>
		{@render children?.()}
	</button>
</span>[36m[39m

d:\golang\design-preview\sveltekit\[32msrc\lib\ember\components\hover-card\HoverCardContent.svelte[39m:18:2
[33mWarn[39m: `<div>` with a mouseenter or mouseleave handler must have an ARIA role
https://svelte.dev/e/a11y_no_static_element_interactions (svelte)
[36m{#if ctx.open}
	[35m<div
		class="card card-body {cls}"
		style="position:absolute;bottom:calc(100% + 10px);left:0;z-index:var(--z-dropdown);min-width:280px;box-shadow:var(--shadow-lg);"
		onmouseenter={() => ctx.cancelHide()}
		onmouseleave={() => ctx.hide()}
	>
		{@render children?.()}
	</div>[36m
{/if}[39m

d:\golang\design-preview\sveltekit\[32msrc\lib\ember\components\accordion\AccordionItem.svelte[39m:14:39
[33mWarn[39m: This reference only captures the initial value of `id`. Did you mean to reference it inside a closure instead?
https://svelte.dev/e/state_referenced_locally (svelte)
[36m
	setContext('ember:accordion-item', { [35mid[36m, title, badge });
</script>[39m

d:\golang\design-preview\sveltekit\[32msrc\lib\ember\components\accordion\AccordionItem.svelte[39m:14:43
[33mWarn[39m: This reference only captures the initial value of `title`. Did you mean to reference it inside a closure instead?
https://svelte.dev/e/state_referenced_locally (svelte)
[36m
	setContext('ember:accordion-item', { id, [35mtitle[36m, badge });
</script>[39m

d:\golang\design-preview\sveltekit\[32msrc\lib\ember\components\accordion\AccordionItem.svelte[39m:14:50
[33mWarn[39m: This reference only captures the initial value of `badge`. Did you mean to reference it inside a closure instead?
https://svelte.dev/e/state_referenced_locally (svelte)
[36m
	setContext('ember:accordion-item', { id, title, [35mbadge[36m });
</script>[39m

d:\golang\design-preview\sveltekit\[32msrc\lib\ember\components\tabs\TabsList.svelte[39m:14:1
[33mWarn[39m: Elements with the 'tablist' interactive role must have a tabindex value
https://svelte.dev/e/a11y_interactive_supports_focus (svelte)
[36m
[35m<div
	class="tabs {cls}"
	role="tablist"
	bind:this={list}
	onkeydown={(e) => list && handleRovingKeys(e, list)}
>
	{@render children?.()}
</div>[36m[39m

d:\golang\design-preview\sveltekit\[32msrc\lib\ember\components\toolbar\Toolbar.svelte[39m:14:1
[33mWarn[39m: Elements with the 'toolbar' interactive role must have a tabindex value
https://svelte.dev/e/a11y_interactive_supports_focus (svelte)
[36m
[35m<div
	role="toolbar"
	class="card {cls}"
	style="display:inline-flex;align-items:center;gap:6px;padding:6px 8px;"
	bind:this={bar}
	onkeydown={(e) => bar && handleRovingKeys(e, bar)}
>
	{@render children?.()}
</div>[36m[39m

d:\golang\design-preview\sveltekit\[32msrc\lib\ember\components\select\SelectRoot.svelte[39m:33:3
[33mWarn[39m: This reference only captures the initial value of `placeholder`. Did you mean to reference it inside a closure instead?
https://svelte.dev/e/state_referenced_locally (svelte)
[36m		},
		[35mplaceholder[36m
	});[39m

d:\golang\design-preview\sveltekit\[32msrc\lib\ember\components\select\SelectContent.svelte[39m:24:2
[33mWarn[39m: Elements with the 'listbox' interactive role must have a tabindex value
https://svelte.dev/e/a11y_interactive_supports_focus (svelte)
[36m{#if ctx.open}
	[35m<div
		class="menu {cls}"
		style="visibility:visible;display:block;opacity:1;transform:none;left:0;right:auto;min-width:100%;"
		role="listbox"
		bind:this={list}
		use:clickOutside={() => ctx.setOpen(false)}
		onkeydown={(e) => list && handleRovingKeys(e, list)}
	>
		{@render children?.()}
	</div>[36m
{/if}[39m

d:\golang\design-preview\sveltekit\[32msrc\lib\ember\components\breadcrumb\BreadcrumbLink.svelte[39m:10:1
[33mWarn[39m: Self-closing HTML tags for non-void elements are ambiguous — use `<a ...></a>` rather than `<a ... />`
https://svelte.dev/e/element_invalid_self_closing_tag (svelte)
[36m
[35m<a {href} style="text-decoration:none;color:inherit;" {...rest} />[36m[39m

d:\golang\design-preview\sveltekit\[32msrc\lib\ember\components\navigation-menu\NavigationMenuRoot.svelte[39m:14:1
[33mWarn[39m: Non-interactive element `<nav>` should not be assigned mouse or keyboard event listeners
https://svelte.dev/e/a11y_no_noninteractive_element_interactions (svelte)
[36m
[35m<nav
	class="navmenu {cls}"
	bind:this={bar}
	onkeydown={(e) => bar && handleRovingKeys(e, bar)}
>
	<ul style="display:flex;align-items:center;gap:2px;list-style:none;margin:0;padding:0;">
		{@render children?.()}
	</ul>
</nav>[36m[39m

d:\golang\design-preview\sveltekit\[32msrc\lib\ember\components\navigation-menu\NavigationMenuLink.svelte[39m:12:2
[33mWarn[39m: Self-closing HTML tags for non-void elements are ambiguous — use `<a ...></a>` rather than `<a ... />`
https://svelte.dev/e/element_invalid_self_closing_tag (svelte)
[36m<li>
	[35m<a
		{href}
		class="navmenu-link"
		class:active
		style="display:inline-flex;align-items:center;padding:6px 11px;border-radius:var(--radius-sm);font-size:13px;text-decoration:none;color:{active ? 'var(--color-primary)' : 'var(--color-muted-foreground)'};background:{active ? 'rgb(var(--tw-primary) / 0.1)' : 'transparent'};"
		aria-current={active ? 'page' : undefined}
		{...rest}
	/>[36m
</li>[39m

d:\golang\design-preview\sveltekit\[32msrc\lib\ember\components\menubar\MenubarRoot.svelte[39m:19:1
[33mWarn[39m: Elements with the 'menubar' interactive role must have a tabindex value
https://svelte.dev/e/a11y_interactive_supports_focus (svelte)
[36m-->
[35m<div
	role="menubar"
	class="menubar {cls}"
	bind:this={bar}
	onkeydown={(e) => bar && handleRovingKeys(e, bar)}
>
	{@render children?.()}
</div>[36m[39m

d:\golang\design-preview\sveltekit\[32msrc\lib\ember\components\command\CommandList.svelte[39m:17:1
[33mWarn[39m: Elements with the 'listbox' interactive role must have a tabindex value
https://svelte.dev/e/a11y_interactive_supports_focus (svelte)
[36m
[35m<div
	class="cmdk-list {cls}"
	role="listbox"
	bind:this={list}
	onkeydown={(e) => list && handleRovingKeys(e, list)}
>
	{@render children?.()}
	{#if ctx.visible === 0}
		<p class="text-sm text-muted-foreground" style="padding:14px 10px;">No results found.</p>
	{/if}
</div>[36m[39m

d:\golang\design-preview\sveltekit\[32msrc\lib\ember\components\slider\SliderTrack.svelte[39m:17:1
[33mWarn[39m: `<div>` with a pointerdown or pointermove handler must have an ARIA role
https://svelte.dev/e/a11y_no_static_element_interactions (svelte)
[36m
[35m<div
	class="kit-slider-track"
	bind:this={track}
	onpointerdown={ctx.down}
	onpointermove={ctx.move}
>
	<div class="kit-slider-range" style="width:{ctx.pct}%"></div>
	<span class="kit-slider-thumb" style="left:{ctx.pct}%"></span>
</div>[36m[39m

d:\golang\design-preview\sveltekit\[32msrc\lib\ember\components\tree\Tree.svelte[39m:17:38
[33mWarn[39m: This reference only captures the initial value of `defaultExpanded`. Did you mean to reference it inside a derived instead?
https://svelte.dev/e/state_referenced_locally (svelte)
[36m	let { items, defaultExpanded = [] }: Props = $props();
	let expanded = $state<string[]>([...[35mdefaultExpanded[36m]);[39m

d:\golang\design-preview\sveltekit\[32msrc\lib\ember\components\tree\Tree.svelte[39m:33:6
[33mWarn[39m: Elements with the ARIA role "treeitem" must have the following attributes defined: "aria-selected"
https://svelte.dev/e/a11y_role_has_required_aria_props (svelte)
[36m{#snippet node(item: TreeNode, depth: number)}
	<li [35mrole="treeitem"[36m aria-expanded={item.children ? expanded.includes(item.label) : undefined}>
		<div[39m

d:\golang\design-preview\sveltekit\[32msrc\lib\ember\Shell.svelte[39m:55:3
[31mError[39m: Unexpected token
https://svelte.dev/e/js_parse_error

If you expect this syntax to work, here are some suggestions: 
If you use typescript with `svelte-preprocess`, did you add `lang="ts"` to your `script` tag? 
Did you setup a `svelte.config.js` or `vite.config.js`? 
See https://github.com/sveltejs/language-tools/tree/master/docs#using-with-preprocessors for more info. (svelte)
[36m		U('ScrollArea', 'pagination'), U('Menubar', 'navigation-menu'), U('NavigationMenu', 'navigation-menu'), U('Command', 'navigation-menu')
		[35m[36mU('Slider', 'slider'), U('Splitter', 'slider'), U('Carousel', 'carousel'), U('ListBox', 'carousel'), U('Tree', 'carousel')
	];[39m

d:\golang\design-preview\sveltekit\[32msrc\lib\ember\Shell.svelte[39m:55:3
[31mError[39m: ',' expected. (ts)
[36m		U('ScrollArea', 'pagination'), U('Menubar', 'navigation-menu'), U('NavigationMenu', 'navigation-menu'), U('Command', 'navigation-menu')
		[35mU[36m('Slider', 'slider'), U('Splitter', 'slider'), U('Carousel', 'carousel'), U('ListBox', 'carousel'), U('Tree', 'carousel')
	];[39m

d:\golang\design-preview\sveltekit\[32msrc\routes\ui\+page.svelte[39m:555:2
[31mError[39m: Expected a valid CSS identifier
https://svelte.dev/e/css_expected_identifier

If you expect this syntax to work, here are some suggestions: 
If you use less/SCSS with `svelte-preprocess`, did you add `lang="scss"`/`lang="less"` to your `style` tag? If you use SCSS, it may be necessary to add the path to your NODE runtime to the setting `svelte.language-server.runtime`, or use `sass` instead of `node-sass`. 
Did you setup a `svelte.config.js` or `vite.config.js`? 
See https://github.com/sveltejs/language-tools/tree/master/docs#using-with-preprocessors for more info. (svelte)
[36m	}
 [35m[36m{
		letter-spacing: 0.06em;[39m

d:\golang\design-preview\sveltekit\[32msrc\routes\ui\+page.svelte[39m:555:2
[31mError[39m: at-rule or selector expected (css)
[36m	}
 [35m{[36m
		letter-spacing: 0.06em;[39m

d:\golang\design-preview\sveltekit\[32msrc\routes\ui\+page.svelte[39m:557:2
[31mError[39m: at-rule or selector expected (css)
[36m		letter-spacing: 0.06em;
	[35m}[36m
	/* меню/popover не должны обрезаться демо-карточками */[39m

d:\golang\design-preview\sveltekit\[32msrc\routes\ui\+page.svelte[39m:556:17
[31mError[39m: { expected (css)
[36m {
		letter-spacing[35m:[36m 0.06em;
	}[39m

====================================
[31msvelte-check found 6 errors and 20 warnings in 19 files
[39m